I'm sorry, but errors were detected in your script. Please correct the
errors listed below, and try again.


File "game/script.rpy", line 43: invalid syntax
        povname = povname[0].upper() +

Ren'Py Version: Ren'Py 8.1.3.23091805
Sat Jan 27 06:36:56 2024
